PS C:\Users\Taurine\Desktop\MEI\Documentos\git\mba\exerciocio01> echo 01 > README.md
PS C:\Users\Taurine\Desktop\MEI\Documentos\git\mba\exerciocio01> git add .
PS C:\Users\Taurine\Desktop\MEI\Documentos\git\mba\exerciocio01> git status

Changes to be committed:
  (use "git restore --staged <file>..." to unstage)
        modified:   README.md

PS C:\Users\Taurine\Desktop\MEI\Documentos\git\mba\exerciocio01> git commit -m "git add example - README.md"
[main 9e9d667] git add example - README.md
 1 file changed, 0 insertions(+), 0 deletions(-)
PS C:\Users\Taurine\Desktop\MEI\Documentos\git\mba\exerciocio01> git diff README.md
diff --git a/README.md b/README.md
index d789aa4..420e05c 100644
PS C:\Users\Taurine\Desktop\MEI\Documentos\git\mba\exerciocio01> git add .
PS C:\Users\Taurine\Desktop\MEI\Documentos\git\mba\exerciocio01> git status
On branch main
Your branch is ahead of 'origin/main' by 1 commit.
  (use "git push" to publish your local commits)

Changes to be committed:
        modified:   README.md

PS C:\Users\Taurine\Desktop\MEI\Documentos\git\mba\exerciocio01> git diff --staged README.md
diff --git a/README.md b/README.md
index d789aa4..420e05c 100644
Binary files a/README.md and b/README.md differ
PS C:\Users\Taurine\Desktop\MEI\Documentos\git\mba\exerciocio01> git diff README.md
PS C:\Users\Taurine\Desktop\MEI\Documentos\git\mba\exerciocio01> echo 03 > README.md
PS C:\Users\Taurine\Desktop\MEI\Documentos\git\mba\exerciocio01> git diff README.md 
index 420e05c..dd4c28d 100644
Binary files a/README.md and b/README.md differ
PS C:\Users\Taurine\Desktop\MEI\Documentos\git\mba\exerciocio01> git restore --staged README.md
PS C:\Users\Taurine\Desktop\MEI\Documentos\git\mba\exerciocio01> git status
On branch main
Your branch is ahead of 'origin/main' by 1 commit.
  (use "git push" to publish your local commits)

Changes not staged for commit:
  (use "git add <file>..." to update what will be committed)

no changes added to commit (use "git add" and/or "git commit -a")
Your branch is ahead of 'origin/main' by 1 commit.
  (use "git push" to publish your local commits)

Changes not staged for commit:
  (use "git add <file>..." to update what will be committed)
  (use "git restore <file>..." to discard changes in working directory)
        modified:   README.md

[main 84b54e7] git restore staging - README.md
 1 file changed, 0 insertions(+), 0 deletions(-)
PS C:\Users\Taurine\Desktop\MEI\Documentos\git\mba\exerciocio01> echo "*.txt" > .gitignore
PS C:\Users\Taurine\Desktop\MEI\Documentos\git\mba\exerciocio01> echo "Arquivo para ignorar" > novo.txt
PS C:\Users\Taurine\Desktop\MEI\Documentos\git\mba\exerciocio01> git add .
PS C:\Users\Taurine\Desktop\MEI\Documentos\git\mba\exerciocio01> git commit -m "git commit .gitignore e novo.txt"    
[main 92316cd] git commit .gitignore e novo.txt
 2 files changed, 0 insertions(+), 0 deletions(-)
 create mode 100644 .gitignore
 create mode 100644 novo.txt
PS C:\Users\Taurine\Desktop\MEI\Documentos\git\mba\exerciocio01> git status
On branch main
Your branch is ahead of 'origin/main' by 3 commits.
  (use "git push" to publish your local commits)

nothing to commit, working tree clean
PS C:\Users\Taurine\Desktop\MEI\Documentos\git\mba\exerciocio01> 